
=== buildPopulatedFromAnswer verbose trace — basic tier ===

--- Pass 1: Shell creation ---
Shell: comp_0 (deps: [1])
Shell: comp_1 (deps: [2])
Shell: comp_2 (deps: [3, 6, 9])
Shell: comp_3 (deps: [4, 2])
Shell: comp_4 (deps: [5])
Shell: comp_5 (deps: [6, 3])
Shell: comp_6 (deps: [7, 1, 2])
Shell: comp_7 (deps: [8, 1])
Shell: comp_8 (deps: [9, 2])
Shell: comp_9 (deps: [])

--- Pass 2: Wiring ---
Wire: comp_0.dependencies[0] → comp_1 (index 1)
Wire: comp_1.dependencies[0] → comp_2 (index 2)
Wire: comp_2.dependencies[0] → comp_3 (index 3)
Wire: comp_2.dependencies[1] → comp_6 (index 6)
Wire: comp_2.dependencies[2] → comp_9 (index 9)
Wire: comp_3.dependencies[0] → comp_4 (index 4)
Wire: comp_3.dependencies[1] → comp_2 (index 2)
Wire: comp_4.dependencies[0] → comp_5 (index 5)
Wire: comp_5.dependencies[0] → comp_6 (index 6)
Wire: comp_5.dependencies[1] → comp_3 (index 3)
Wire: comp_6.dependencies[0] → comp_7 (index 7)
Wire: comp_6.dependencies[1] → comp_1 (index 1)
Wire: comp_6.dependencies[2] → comp_2 (index 2)
Wire: comp_7.dependencies[0] → comp_8 (index 8)
Wire: comp_7.dependencies[1] → comp_1 (index 1)
Wire: comp_8.dependencies[0] → comp_9 (index 9)
Wire: comp_8.dependencies[1] → comp_2 (index 2)

--- Identity checks ---
Identity check: nodes[0].dependencies[0] === nodes[1] → true
Identity check: nodes[1].dependencies[0] === nodes[2] → true
Identity check: nodes[2].dependencies[0] === nodes[3] → true
Identity check: nodes[2].dependencies[1] === nodes[6] → true
Identity check: nodes[2].dependencies[2] === nodes[9] → true
Identity check: nodes[3].dependencies[0] === nodes[4] → true
Identity check: nodes[3].dependencies[1] === nodes[2] → true
Identity check: nodes[4].dependencies[0] === nodes[5] → true
Identity check: nodes[5].dependencies[0] === nodes[6] → true
Identity check: nodes[5].dependencies[1] === nodes[3] → true
Identity check: nodes[6].dependencies[0] === nodes[7] → true
Identity check: nodes[6].dependencies[1] === nodes[1] → true
Identity check: nodes[6].dependencies[2] === nodes[2] → true
Identity check: nodes[7].dependencies[0] === nodes[8] → true
Identity check: nodes[7].dependencies[1] === nodes[1] → true
Identity check: nodes[8].dependencies[0] === nodes[9] → true
Identity check: nodes[8].dependencies[1] === nodes[2] → true
